2026-07-31T17:55:56.250066200Z main ERROR Log4j API could not find a logging provider.
SLF4J: A SLF4J service provider failed to instantiate:
org.slf4j.spi.SLF4JServiceProvider: Provider org.slf4j.impl.JBossSlf4jServiceProvider could not be instantiated

  .   ____          _            __ _ _
 /\\ / ___'_ __ _ _(_)_ __  __ _ \ \ \ \
( ( )\___ | '_ | '_| | '_ \/ _` | \ \ \ \
 \\/  ___)| |_)| | | | | || (_| |  ) ) ) )
  '  |____| .__|_| |_|_| |_\__, | / / / /
 =========|_|==============|___/=/_/_/_/

 :: Spring Boot ::               (v3.5.14)

2026-07-31T23:26:14.645+05:30  INFO 22832 --- [  restartedMain] org.acme.BamoeSpringBootApplication      : Starting BamoeSpringBootApplication using Java 21.0.7 with PID 22832 (D:\SAMADHAN_AI\Bamoe\Bamoe\target\classes started by kapil in D:\SAMADHAN_AI\Bamoe\Bamoe)
2026-07-31T23:26:14.647+05:30  INFO 22832 --- [  restartedMain] org.acme.BamoeSpringBootApplication      : No active profile set, falling back to 1 default profile: "dev"
2026-07-31T23:26:14.704+05:30  INFO 22832 --- [  restartedMain] o.s.b.devtools.restart.ChangeableUrls    : The Class-Path manifest attribute in C:\Users\kapil\.m2\repository\com\oracle\database\jdbc\ojdbc11\23.5.0.24.07\ojdbc11-23.5.0.24.07.jar referenced one or more files that do not exist: file:/C:/Users/kapil/.m2/repository/com/oracle/database/jdbc/ojdbc11/23.5.0.24.07/oraclepki.jar
2026-07-31T23:26:14.705+05:30  INFO 22832 --- [  restartedMain] o.s.b.devtools.restart.ChangeableUrls    : The Class-Path manifest attribute in C:\Users\kapil\.m2\repository\org\apache\opennlp\opennlp-tools\2.5.4\opennlp-tools-2.5.4.jar referenced one or more files that do not exist: file:/C:/Users/kapil/.m2/repository/org/apache/opennlp/opennlp-tools/2.5.4/slf4j-api-2.0.17.jar
2026-07-31T23:26:14.705+05:30  INFO 22832 --- [  restartedMain] .e.DevToolsPropertyDefaultsPostProcessor : Devtools property defaults active! Set 'spring.devtools.add-properties' to 'false' to disable
2026-07-31T23:26:14.705+05:30  INFO 22832 --- [  restartedMain] .e.DevToolsPropertyDefaultsPostProcessor : For additional web related logging consider setting the 'logging.level.web' property to 'DEBUG'
2026-07-31T23:26:17.980+05:30  INFO 22832 --- [  restartedMain] .s.d.r.c.RepositoryConfigurationDelegate : Bootstrapping Spring Data JPA repositories in DEFAULT mode.
2026-07-31T23:26:18.028+05:30  INFO 22832 --- [  restartedMain] .s.d.r.c.RepositoryConfigurationDelegate : Finished Spring Data repository scanning in 37 ms. Found 0 JPA repository interfaces.
2026-07-31T23:26:19.564+05:30  INFO 22832 --- [  restartedMain] o.s.b.w.embedded.tomcat.TomcatWebServer  : Tomcat initialized with port 8080 (http)
2026-07-31T23:26:19.580+05:30  INFO 22832 --- [  restartedMain] o.apache.catalina.core.StandardService   : Starting service [Tomcat]
2026-07-31T23:26:19.581+05:30  INFO 22832 --- [  restartedMain] o.apache.catalina.core.StandardEngine    : Starting Servlet engine: [Apache Tomcat/10.1.54]
2026-07-31T23:26:19.704+05:30  INFO 22832 --- [  restartedMain] o.a.c.c.C.[Tomcat].[localhost].[/]       : Initializing Spring embedded WebApplicationContext
2026-07-31T23:26:19.705+05:30  INFO 22832 --- [  restartedMain] w.s.c.ServletWebServerApplicationContext : Root WebApplicationContext: initialization completed in 4998 ms
2026-07-31T23:26:20.345+05:30  INFO 22832 --- [  restartedMain] com.zaxxer.hikari.HikariDataSource       : HikariPool-1 - Starting...
2026-07-31T23:26:20.718+05:30  INFO 22832 --- [  restartedMain] com.zaxxer.hikari.pool.HikariPool        : HikariPool-1 - Added connection conn0: url=jdbc:h2:mem:kogito user=KOGITO
2026-07-31T23:26:20.719+05:30  INFO 22832 --- [  restartedMain] com.zaxxer.hikari.HikariDataSource       : HikariPool-1 - Start completed.
2026-07-31T23:26:20.728+05:30  INFO 22832 --- [  restartedMain] o.k.f.i.db.KieFlywayDataBaseHelper       : Reading DataBase Product: 'H2' Version: '2.3.232 (2024-08-11)'
2026-07-31T23:26:20.970+05:30  INFO 22832 --- [  restartedMain] org.flywaydb.core.FlywayExecutor         : Database: jdbc:h2:mem:kogito (H2 2.3)
2026-07-31T23:26:21.031+05:30  INFO 22832 --- [  restartedMain] o.f.c.i.s.JdbcTableSchemaHistory         : Schema history table "PUBLIC"."kie_flyway_history_runtime_persistence" does not exist yet
2026-07-31T23:26:21.035+05:30  INFO 22832 --- [  restartedMain] o.f.core.internal.command.DbValidate     : Successfully validated 4 migrations (execution time 00:00.021s)
2026-07-31T23:26:21.043+05:30  INFO 22832 --- [  restartedMain] org.flywaydb.core.Flyway                 : All configured schemas are empty; baseline operation skipped. A baseline or migration script with a lower version than the baseline version may execute if available. Check the Schemas parameter if this is not intended.
2026-07-31T23:26:21.044+05:30  INFO 22832 --- [  restartedMain] o.f.c.i.s.JdbcTableSchemaHistory         : Creating Schema History table "PUBLIC"."kie_flyway_history_runtime_persistence" ...
2026-07-31T23:26:21.089+05:30  INFO 22832 --- [  restartedMain] o.f.core.internal.command.DbMigrate      : Current version of schema "PUBLIC": << Empty Schema >>
2026-07-31T23:26:21.097+05:30  INFO 22832 --- [  restartedMain] o.f.core.internal.command.DbMigrate      : Migrating schema "PUBLIC" to version "1.35.0 - create runtime ansi"
2026-07-31T23:26:21.118+05:30  INFO 22832 --- [  restartedMain] o.f.core.internal.command.DbMigrate      : Migrating schema "PUBLIC" to version "10.0.0 - add business key ansi"
2026-07-31T23:26:21.133+05:30  INFO 22832 --- [  restartedMain] o.f.core.internal.command.DbMigrate      : Migrating schema "PUBLIC" to version "10.0.1 - create correlation ansi"
2026-07-31T23:26:21.142+05:30  INFO 22832 --- [  restartedMain] o.f.core.internal.command.DbMigrate      : Migrating schema "PUBLIC" to version "10.0.2 - create event table"
2026-07-31T23:26:21.154+05:30  INFO 22832 --- [  restartedMain] o.f.core.internal.command.DbMigrate      : Successfully applied 4 migrations to schema "PUBLIC", now at version v10.0.2 (execution time 00:00.017s)
2026-07-31T23:26:21.191+05:30  INFO 22832 --- [  restartedMain] org.flywaydb.core.FlywayExecutor         : Database: jdbc:h2:mem:kogito (H2 2.3)
2026-07-31T23:26:21.229+05:30  INFO 22832 --- [  restartedMain] o.f.c.i.s.JdbcTableSchemaHistory         : Schema history table "PUBLIC"."kie_flyway_history_data_index" does not exist yet
2026-07-31T23:26:21.231+05:30  INFO 22832 --- [  restartedMain] o.f.core.internal.command.DbValidate     : Successfully validated 21 migrations (execution time 00:00.031s)
2026-07-31T23:26:21.234+05:30  INFO 22832 --- [  restartedMain] o.f.c.i.s.JdbcTableSchemaHistory         : Creating Schema History table "PUBLIC"."kie_flyway_history_data_index" with baseline ...
2026-07-31T23:26:21.241+05:30  INFO 22832 --- [  restartedMain] o.f.core.internal.command.DbBaseline     : Successfully baselined schema with version: 0.0
2026-07-31T23:26:21.244+05:30  INFO 22832 --- [  restartedMain] o.f.core.internal.command.DbMigrate      : Current version of schema "PUBLIC": 0.0
2026-07-31T23:26:21.256+05:30  INFO 22832 --- [  restartedMain] o.f.core.internal.command.DbMigrate      : Migrating schema "PUBLIC" to version "1.33.0 - data index create"
2026-07-31T23:26:21.301+05:30  INFO 22832 --- [  restartedMain] o.f.core.internal.command.DbMigrate      : Migrating schema "PUBLIC" to version "1.44.0 - data index definitions"
2026-07-31T23:26:21.327+05:30  INFO 22832 --- [  restartedMain] o.f.core.internal.command.DbMigrate      : Migrating schema "PUBLIC" to version "1.45.0.0 - data index node definitions"
2026-07-31T23:26:21.337+05:30  INFO 22832 --- [  restartedMain] o.f.core.internal.command.DbMigrate      : Migrating schema "PUBLIC" to version "1.45.0.1 - add identity to process instance"
2026-07-31T23:26:21.350+05:30  INFO 22832 --- [  restartedMain] o.f.core.internal.command.DbMigrate      : Migrating schema "PUBLIC" to version "1.45.0.2 - data index definitions add colums"
2026-07-31T23:26:21.367+05:30  INFO 22832 --- [  restartedMain] o.f.core.internal.command.DbMigrate      : Migrating schema "PUBLIC" to version "1.45.0.3 - add fk index"
2026-07-31T23:26:21.375+05:30  INFO 22832 --- [  restartedMain] o.f.core.internal.command.DbMigrate      : Migrating schema "PUBLIC" to version "1.45.0.4 - increase varchar length"
2026-07-31T23:26:21.382+05:30  INFO 22832 --- [  restartedMain] o.f.core.internal.command.DbMigrate      : Migrating schema "PUBLIC" to version "1.45.0.5 - add external reference id"
2026-07-31T23:26:21.394+05:30  INFO 22832 --- [  restartedMain] o.f.core.internal.command.DbMigrate      : Migrating schema "PUBLIC" to version "1.45.0.6 - add sla due date columns"
2026-07-31T23:26:21.409+05:30  INFO 22832 --- [  restartedMain] o.f.core.internal.command.DbMigrate      : Migrating schema "PUBLIC" to version "1.45.0.7 - add sla due date tasks"
2026-07-31T23:26:21.420+05:30  INFO 22832 --- [  restartedMain] o.f.core.internal.command.DbMigrate      : Migrating schema "PUBLIC" to version "1.45.0.8 - modify columns with reserved words"
2026-07-31T23:26:21.427+05:30  INFO 22832 --- [  restartedMain] o.f.core.internal.command.DbMigrate      : Migrating schema "PUBLIC" to version "1.45.0.9 - increase comments content size"
2026-07-31T23:26:21.432+05:30  INFO 22832 --- [  restartedMain] o.f.core.internal.command.DbMigrate      : Migrating schema "PUBLIC" to version "1.45.1.0 - metadata as column"
2026-07-31T23:26:21.441+05:30  INFO 22832 --- [  restartedMain] o.f.core.internal.command.DbMigrate      : Migrating schema "PUBLIC" to version "1.45.1.1 - retrigger"
2026-07-31T23:26:21.452+05:30  INFO 22832 --- [  restartedMain] o.f.core.internal.command.DbMigrate      : Migrating schema "PUBLIC" to version "1.45.1.2 - cloudevent"
2026-07-31T23:26:21.461+05:30  INFO 22832 --- [  restartedMain] o.f.core.internal.command.DbMigrate      : Migrating schema "PUBLIC" to version "1.45.1.3 - add cancelled type nodes"
2026-07-31T23:26:21.467+05:30  INFO 22832 --- [  restartedMain] o.f.core.internal.command.DbMigrate      : Migrating schema "PUBLIC" to version "1.45.1.4 - add indexes for jobs and tasks"
2026-07-31T23:26:21.472+05:30  INFO 22832 --- [  restartedMain] o.f.core.internal.command.DbMigrate      : Migrating schema "PUBLIC" to version "1.46.0 - add task id column"
2026-07-31T23:26:21.481+05:30  INFO 22832 --- [  restartedMain] o.f.core.internal.command.DbMigrate      : Migrating schema "PUBLIC" to version "1.47.0 - adjust column sizes in tables updated by hibernate"
2026-07-31T23:26:21.487+05:30  INFO 22832 --- [  restartedMain] o.f.core.internal.command.DbMigrate      : Migrating schema "PUBLIC" to version "1.48.0 - add input output args"
2026-07-31T23:26:21.493+05:30  INFO 22832 --- [  restartedMain] o.f.core.internal.command.DbMigrate      : Migrating schema "PUBLIC" to version "1.49.0 - add job exception details"
2026-07-31T23:26:21.498+05:30  INFO 22832 --- [  restartedMain] o.f.core.internal.command.DbMigrate      : Successfully applied 21 migrations to schema "PUBLIC", now at version v1.49.0 (execution time 00:00.140s)
2026-07-31T23:26:21.521+05:30  INFO 22832 --- [  restartedMain] org.flywaydb.core.FlywayExecutor         : Database: jdbc:h2:mem:kogito (H2 2.3)
2026-07-31T23:26:21.540+05:30  INFO 22832 --- [  restartedMain] o.f.c.i.s.JdbcTableSchemaHistory         : Schema history table "PUBLIC"."kie_flyway_history_data_audit" does not exist yet
2026-07-31T23:26:21.541+05:30  INFO 22832 --- [  restartedMain] o.f.core.internal.command.DbValidate     : Successfully validated 10 migrations (execution time 00:00.017s)
2026-07-31T23:26:21.542+05:30  INFO 22832 --- [  restartedMain] o.f.c.i.s.JdbcTableSchemaHistory         : Creating Schema History table "PUBLIC"."kie_flyway_history_data_audit" with baseline ...
2026-07-31T23:26:21.544+05:30  INFO 22832 --- [  restartedMain] o.f.core.internal.command.DbBaseline     : Successfully baselined schema with version: 0.0
2026-07-31T23:26:21.545+05:30  INFO 22832 --- [  restartedMain] o.f.core.internal.command.DbMigrate      : Current version of schema "PUBLIC": 0.0
2026-07-31T23:26:21.552+05:30  INFO 22832 --- [  restartedMain] o.f.core.internal.command.DbMigrate      : Migrating schema "PUBLIC" to version "1.0.0 - CREATE DATA AUDIT SCHEMA"
2026-07-31T23:26:21.573+05:30  INFO 22832 --- [  restartedMain] o.f.core.internal.command.DbMigrate      : Migrating schema "PUBLIC" to version "1.1.0 - Add Query audit dynamic registering"
2026-07-31T23:26:21.578+05:30  INFO 22832 --- [  restartedMain] o.f.core.internal.command.DbMigrate      : Migrating schema "PUBLIC" to version "1.2.0 - Add migration event type"
2026-07-31T23:26:21.583+05:30  INFO 22832 --- [  restartedMain] o.f.core.internal.command.DbMigrate      : Migrating schema "PUBLIC" to version "1.3.0 - Increase Task Instance Comment Log comment size"
2026-07-31T23:26:21.589+05:30  INFO 22832 --- [  restartedMain] o.f.core.internal.command.DbMigrate      : Migrating schema "PUBLIC" to version "1.4.0 - Increase variable value column size"
2026-07-31T23:26:21.594+05:30  INFO 22832 --- [  restartedMain] o.f.core.internal.command.DbMigrate      : Migrating schema "PUBLIC" to version "1.4.1 - Add state update event type check"
2026-07-31T23:26:21.600+05:30  INFO 22832 --- [  restartedMain] o.f.core.internal.command.DbMigrate      : Migrating schema "PUBLIC" to version "1.4.2 - Add user information to process instance logs"
2026-07-31T23:26:21.613+05:30  INFO 22832 --- [  restartedMain] o.f.core.internal.command.DbMigrate      : Migrating schema "PUBLIC" to version "1.4.3 - Add process instance state retriggered event type check"
2026-07-31T23:26:21.617+05:30  INFO 22832 --- [  restartedMain] o.f.core.internal.command.DbMigrate      : Migrating schema "PUBLIC" to version "1.4.4 - Add on cascade delete"
2026-07-31T23:26:21.624+05:30  INFO 22832 --- [  restartedMain] o.f.core.internal.command.DbMigrate      : Migrating schema "PUBLIC" to version "1.5.0 - Add job exception columns"
2026-07-31T23:26:21.634+05:30  INFO 22832 --- [  restartedMain] o.f.core.internal.command.DbMigrate      : Successfully applied 10 migrations to schema "PUBLIC", now at version v1.5.0 (execution time 00:00.040s)
2026-07-31T23:26:21.659+05:30  INFO 22832 --- [  restartedMain] org.flywaydb.core.FlywayExecutor         : Database: jdbc:h2:mem:kogito (H2 2.3)
2026-07-31T23:26:21.665+05:30  INFO 22832 --- [  restartedMain] o.f.c.i.s.JdbcTableSchemaHistory         : Schema history table "PUBLIC"."kie_flyway_history_jobs_service" does not exist yet
2026-07-31T23:26:21.665+05:30  INFO 22832 --- [  restartedMain] o.f.core.internal.command.DbValidate     : Successfully validated 2 migrations (execution time 00:00.002s)
2026-07-31T23:26:21.666+05:30  INFO 22832 --- [  restartedMain] o.f.c.i.s.JdbcTableSchemaHistory         : Creating Schema History table "PUBLIC"."kie_flyway_history_jobs_service" with baseline ...
2026-07-31T23:26:21.668+05:30  INFO 22832 --- [  restartedMain] o.f.core.internal.command.DbBaseline     : Successfully baselined schema with version: 0.0
2026-07-31T23:26:21.669+05:30  INFO 22832 --- [  restartedMain] o.f.core.internal.command.DbMigrate      : Current version of schema "PUBLIC": 0.0
2026-07-31T23:26:21.674+05:30  INFO 22832 --- [  restartedMain] o.f.core.internal.command.DbMigrate      : Migrating schema "PUBLIC" to version "2.0.0 - Create Tables"
2026-07-31T23:26:21.679+05:30  INFO 22832 --- [  restartedMain] o.f.core.internal.command.DbMigrate      : Migrating schema "PUBLIC" to version "3.0.4 - Add Exception Details"
2026-07-31T23:26:21.684+05:30  INFO 22832 --- [  restartedMain] o.f.core.internal.command.DbMigrate      : Successfully applied 2 migrations to schema "PUBLIC", now at version v3.0.4 (execution time 00:00.006s)
2026-07-31T23:26:21.710+05:30  INFO 22832 --- [  restartedMain] org.flywaydb.core.FlywayExecutor         : Database: jdbc:h2:mem:kogito (H2 2.3)
2026-07-31T23:26:21.720+05:30  INFO 22832 --- [  restartedMain] o.f.c.i.s.JdbcTableSchemaHistory         : Schema history table "PUBLIC"."kie_flyway_history_jbpm_user_task_storage" does not exist yet
2026-07-31T23:26:21.720+05:30  INFO 22832 --- [  restartedMain] o.f.core.internal.command.DbValidate     : Successfully validated 6 migrations (execution time 00:00.007s)
2026-07-31T23:26:21.721+05:30  INFO 22832 --- [  restartedMain] o.f.c.i.s.JdbcTableSchemaHistory         : Creating Schema History table "PUBLIC"."kie_flyway_history_jbpm_user_task_storage" with baseline ...
2026-07-31T23:26:21.723+05:30  INFO 22832 --- [  restartedMain] o.f.core.internal.command.DbBaseline     : Successfully baselined schema with version: 0.0
2026-07-31T23:26:21.724+05:30  INFO 22832 --- [  restartedMain] o.f.core.internal.command.DbMigrate      : Current version of schema "PUBLIC": 0.0
2026-07-31T23:26:21.729+05:30  INFO 22832 --- [  restartedMain] o.f.core.internal.command.DbMigrate      : Migrating schema "PUBLIC" to version "1.0.0 - jBPM user task create"
2026-07-31T23:26:21.744+05:30  INFO 22832 --- [  restartedMain] o.f.core.internal.command.DbMigrate      : Migrating schema "PUBLIC" to version "1.0.1 - jBPM user task timers"
2026-07-31T23:26:21.753+05:30  INFO 22832 --- [  restartedMain] o.f.core.internal.command.DbMigrate      : Migrating schema "PUBLIC" to version "1.0.2 - jBPM user tasks comments increase comment size"
2026-07-31T23:26:21.759+05:30  INFO 22832 --- [  restartedMain] o.f.core.internal.command.DbMigrate      : Migrating schema "PUBLIC" to version "1.0.3 - jBPM user tasks additional indexes"
2026-07-31T23:26:21.765+05:30  INFO 22832 --- [  restartedMain] o.f.core.internal.command.DbMigrate      : Migrating schema "PUBLIC" to version "1.0.4 - jBPM user tasks add missing indexes"
2026-07-31T23:26:21.771+05:30  INFO 22832 --- [  restartedMain] o.f.core.internal.command.DbMigrate      : Migrating schema "PUBLIC" to version "1.0.5 - jBPM usertasks add process info"
2026-07-31T23:26:21.822+05:30  INFO 22832 --- [  restartedMain] o.f.core.internal.command.DbMigrate      : Successfully applied 6 migrations to schema "PUBLIC", now at version v1.0.5 (execution time 00:00.069s)
2026-07-31T23:26:21.851+05:30  INFO 22832 --- [  restartedMain] org.flywaydb.core.FlywayExecutor         : Database: jdbc:h2:mem:kogito (H2 2.3)
2026-07-31T23:26:21.856+05:30  INFO 22832 --- [  restartedMain] o.f.c.i.s.JdbcTableSchemaHistory         : Schema history table "PUBLIC"."kie_flyway_history_pim" does not exist yet
2026-07-31T23:26:21.857+05:30  INFO 22832 --- [  restartedMain] o.f.core.internal.command.DbValidate     : Successfully validated 2 migrations (execution time 00:00.002s)
2026-07-31T23:26:21.858+05:30  INFO 22832 --- [  restartedMain] o.f.c.i.s.JdbcTableSchemaHistory         : Creating Schema History table "PUBLIC"."kie_flyway_history_pim" with baseline ...
2026-07-31T23:26:21.869+05:30  INFO 22832 --- [  restartedMain] o.f.core.internal.command.DbBaseline     : Successfully baselined schema with version: 0.0
2026-07-31T23:26:21.872+05:30  INFO 22832 --- [  restartedMain] o.f.core.internal.command.DbMigrate      : Current version of schema "PUBLIC": 0.0
2026-07-31T23:26:21.876+05:30  INFO 22832 --- [  restartedMain] o.f.core.internal.command.DbMigrate      : Migrating schema "PUBLIC" to version "1.0.0 - BAMOE pim"
2026-07-31T23:26:21.884+05:30  INFO 22832 --- [  restartedMain] o.f.core.internal.command.DbMigrate      : Migrating schema "PUBLIC" to version "1.0.1 - add missing indexes"
2026-07-31T23:26:21.887+05:30  INFO 22832 --- [  restartedMain] o.f.core.internal.command.DbMigrate      : Successfully applied 2 migrations to schema "PUBLIC", now at version v1.0.1 (execution time 00:00.006s)
2026-07-31T23:26:22.067+05:30  INFO 22832 --- [  restartedMain] o.hibernate.jpa.internal.util.LogHelper  : HHH000204: Processing PersistenceUnitInfo [name: default]
2026-07-31T23:26:22.142+05:30  INFO 22832 --- [  restartedMain] org.hibernate.Version                    : HHH000412: Hibernate ORM core version 7.1.14.Final
2026-07-31T23:26:22.819+05:30  INFO 22832 --- [  restartedMain] o.s.o.j.p.SpringPersistenceUnitInfo      : No LoadTimeWeaver setup: ignoring JPA class transformer
2026-07-31T23:26:22.932+05:30  INFO 22832 --- [  restartedMain] org.hibernate.orm.connections.pooling    : HHH10001005: Database info:
	Database JDBC URL [jdbc:h2:mem:kogito]
	Database driver: H2 JDBC Driver
	Database dialect: H2Dialect
	Database version: 2.3.232
	Default catalog/schema: KOGITO/PUBLIC
	Autocommit mode: undefined/unknown
	Isolation level: READ_COMMITTED [default READ_COMMITTED]
	JDBC fetch size: 100
	Pool: DatasourceConnectionProviderImpl
	Minimum pool size: undefined/unknown
	Maximum pool size: undefined/unknown
2026-07-31T23:26:23.248+05:30  WARN 22832 --- [  restartedMain] org.hibernate.orm.deprecation            : HHH90000033: Encountered use of deprecated annotation [interface jakarta.persistence.Temporal] at org.kie.kogito.app.audit.jpa.model.JobExecutionLog.eventDate.
2026-07-31T23:26:23.249+05:30  WARN 22832 --- [  restartedMain] org.hibernate.orm.deprecation            : HHH90000033: Encountered use of deprecated annotation [interface jakarta.persistence.Temporal] at org.kie.kogito.app.audit.jpa.model.JobExecutionLog.expirationTime.
2026-07-31T23:26:23.255+05:30  WARN 22832 --- [  restartedMain] org.hibernate.orm.deprecation            : HHH90000033: Encountered use of deprecated annotation [interface jakarta.persistence.Temporal] at org.kie.kogito.app.audit.jpa.model.ProcessInstanceErrorLog.eventDate.
2026-07-31T23:26:23.262+05:30  WARN 22832 --- [  restartedMain] org.hibernate.orm.deprecation            : HHH90000033: Encountered use of deprecated annotation [interface jakarta.persistence.Temporal] at org.kie.kogito.app.audit.jpa.model.ProcessInstanceNodeLog.eventDate.
2026-07-31T23:26:23.264+05:30  WARN 22832 --- [  restartedMain] org.hibernate.orm.deprecation            : HHH90000033: Encountered use of deprecated annotation [interface jakarta.persistence.Temporal] at org.kie.kogito.app.audit.jpa.model.ProcessInstanceNodeLog.slaDueDate.
2026-07-31T23:26:23.267+05:30  WARN 22832 --- [  restartedMain] org.hibernate.orm.deprecation            : HHH90000033: Encountered use of deprecated annotation [interface jakarta.persistence.Temporal] at org.kie.kogito.app.audit.jpa.model.ProcessInstanceStateLog.eventDate.
2026-07-31T23:26:23.269+05:30  WARN 22832 --- [  restartedMain] org.hibernate.orm.deprecation            : HHH90000033: Encountered use of deprecated annotation [interface jakarta.persistence.Temporal] at org.kie.kogito.app.audit.jpa.model.ProcessInstanceStateLog.slaDueDate.
2026-07-31T23:26:23.272+05:30  WARN 22832 --- [  restartedMain] org.hibernate.orm.deprecation            : HHH90000033: Encountered use of deprecated annotation [interface jakarta.persistence.Temporal] at org.kie.kogito.app.audit.jpa.model.ProcessInstanceVariableLog.eventDate.
2026-07-31T23:26:23.276+05:30  WARN 22832 --- [  restartedMain] org.hibernate.orm.deprecation            : HHH90000033: Encountered use of deprecated annotation [interface jakarta.persistence.Temporal] at org.kie.kogito.app.audit.jpa.model.UserTaskInstanceAssignmentLog.eventDate.
2026-07-31T23:26:23.280+05:30  WARN 22832 --- [  restartedMain] org.hibernate.orm.deprecation            : HHH90000033: Encountered use of deprecated annotation [interface jakarta.persistence.Temporal] at org.kie.kogito.app.audit.jpa.model.UserTaskInstanceAttachmentLog.eventDate.
2026-07-31T23:26:23.283+05:30  WARN 22832 --- [  restartedMain] org.hibernate.orm.deprecation            : HHH90000033: Encountered use of deprecated annotation [interface jakarta.persistence.Temporal] at org.kie.kogito.app.audit.jpa.model.UserTaskInstanceCommentLog.eventDate.
2026-07-31T23:26:23.286+05:30  WARN 22832 --- [  restartedMain] org.hibernate.orm.deprecation            : HHH90000033: Encountered use of deprecated annotation [interface jakarta.persistence.Temporal] at org.kie.kogito.app.audit.jpa.model.UserTaskInstanceDeadlineLog.eventDate.
2026-07-31T23:26:23.290+05:30  WARN 22832 --- [  restartedMain] org.hibernate.orm.deprecation            : HHH90000033: Encountered use of deprecated annotation [interface jakarta.persistence.Temporal] at org.kie.kogito.app.audit.jpa.model.UserTaskInstanceStateLog.eventDate.
2026-07-31T23:26:23.293+05:30  WARN 22832 --- [  restartedMain] org.hibernate.orm.deprecation            : HHH90000033: Encountered use of deprecated annotation [interface jakarta.persistence.Temporal] at org.kie.kogito.app.audit.jpa.model.UserTaskInstanceVariableLog.eventDate.
2026-07-31T23:26:23.297+05:30  WARN 22832 --- [  restartedMain] org.hibernate.orm.deprecation            : HHH90000033: Encountered use of deprecated annotation [interface jakarta.persistence.Temporal] at org.kie.kogito.app.jobs.jpa.model.JobDetailsEntity.created.
2026-07-31T23:26:23.298+05:30  WARN 22832 --- [  restartedMain] org.hibernate.orm.deprecation            : HHH90000033: Encountered use of deprecated annotation [interface jakarta.persistence.Temporal] at org.kie.kogito.app.jobs.jpa.model.JobDetailsEntity.fireTime.
2026-07-31T23:26:23.298+05:30  WARN 22832 --- [  restartedMain] org.hibernate.orm.deprecation            : HHH90000033: Encountered use of deprecated annotation [interface jakarta.persistence.Temporal] at org.kie.kogito.app.jobs.jpa.model.JobDetailsEntity.lastUpdate.
2026-07-31T23:26:23.301+05:30  WARN 22832 --- [  restartedMain] org.hibernate.orm.deprecation            : HHH90000033: Encountered use of deprecated annotation [interface jakarta.persistence.Temporal] at org.jbpm.usertask.jpa.model.AttachmentEntity.updatedAt.
2026-07-31T23:26:23.303+05:30  WARN 22832 --- [  restartedMain] org.hibernate.orm.deprecation            : HHH90000033: Encountered use of deprecated annotation [interface jakarta.persistence.Temporal] at org.jbpm.usertask.jpa.model.CommentEntity.updatedAt.
2026-07-31T23:26:25.326+05:30  INFO 22832 --- [  restartedMain] o.h.e.t.j.p.i.JtaPlatformInitiator       : HHH000489: No JTA platform available (set 'hibernate.transaction.jta.platform' to enable JTA platform integration)
2026-07-31T23:26:25.879+05:30  INFO 22832 --- [  restartedMain] j.LocalContainerEntityManagerFactoryBean : Initialized JPA EntityManagerFactory for persistence unit 'default'
2026-07-31T23:26:26.692+05:30  INFO 22832 --- [  restartedMain] o.k.k.app.jobs.impl.VertxJobScheduler    : Initializing Job Service Logic 
	MaxRefreshJobsIntervalWindow: 600000 (millis)
	MaxIntervalLimitToRetryMillis: 100 (millis)
	MaxNumberOfRetries: 3
	RefreshJobsInterval: 600000 (millis)
	Number of worker threads 10
	Store: org.kie.kogito.app.jobs.springboot.jpa.SpringbootJPAJobStore@339405b
2026-07-31T23:26:26.789+05:30  INFO 22832 --- [  restartedMain] o.k.k.u.i.l.DefaultUserTaskLifeCycles    : Registered UserTaskLifeCycles {ws-human-task=org.kie.kogito.usertask.impl.lifecycle.WsHumanTaskLifeCycle@7191f4a7, kogito=org.kie.kogito.usertask.impl.lifecycle.DefaultUserTaskLifeCycle@548fbd67} with default lifecycle: kogito
2026-07-31T23:26:27.557+05:30  WARN 22832 --- [  restartedMain] o.k.k.s.r.ProcessDefinitionEventRegistry : Not source found for process id approval
2026-07-31T23:26:27.559+05:30  WARN 22832 --- [  restartedMain] o.k.k.s.r.ProcessDefinitionEventRegistry : Not source found for process id claimApproval
2026-07-31T23:26:27.559+05:30  WARN 22832 --- [  restartedMain] o.k.k.s.r.ProcessDefinitionEventRegistry : Not source found for process id parallelApproval
2026-07-31T23:26:28.534+05:30  INFO 22832 --- [  restartedMain] o.a.wrapper.comments.TaskCommentStore    : Created table wrapper_task_comments
2026-07-31T23:26:28.867+05:30  INFO 22832 --- [  restartedMain] o.a.w.decisions.DecisionConfigStore      : Created table wrapper_task_decisions
2026-07-31T23:26:29.461+05:30  INFO 22832 --- [  restartedMain] o.a.wrapper.graph.ProcessGraphService    : Loaded process graphs for: [approval, claimApproval, parallelApproval]
2026-07-31T23:26:29.620+05:30  INFO 22832 --- [  restartedMain] o.a.w.assignment.LastAssignmentStore     : Created table last_assignment
2026-07-31T23:26:30.414+05:30  INFO 22832 --- [  restartedMain] o.k.k.i.g.AbstractGraphQLSchemaManager   : Custom mutations are {}
2026-07-31T23:26:30.794+05:30  WARN 22832 --- [  restartedMain] JpaBaseConfiguration$JpaWebConfiguration : spring.jpa.open-in-view is enabled by default. Therefore, database queries may be performed during view rendering. Explicitly configure spring.jpa.open-in-view to disable this warning
2026-07-31T23:26:31.385+05:30  INFO 22832 --- [  restartedMain] s.b.a.g.s.GraphQlWebMvcAutoConfiguration : GraphQL endpoint HTTP POST /graphql
2026-07-31T23:26:33.018+05:30  INFO 22832 --- [  restartedMain] o.s.b.a.h2.H2ConsoleAutoConfiguration    : H2 console available at '/h2-console'. Database available at 'jdbc:h2:mem:kogito'
2026-07-31T23:26:33.155+05:30  INFO 22832 --- [  restartedMain] o.s.b.d.a.OptionalLiveReloadServer       : LiveReload server is running on port 35729
2026-07-31T23:26:33.182+05:30  INFO 22832 --- [  restartedMain] o.s.b.a.e.web.EndpointLinksResolver      : Exposing 1 endpoint beneath base path '/actuator'
2026-07-31T23:26:33.326+05:30  INFO 22832 --- [  restartedMain] o.s.b.w.embedded.tomcat.TomcatWebServer  : Tomcat started on port 8080 (http) with context path '/'
2026-07-31T23:26:33.353+05:30  INFO 22832 --- [  restartedMain] org.acme.BamoeSpringBootApplication      : Started BamoeSpringBootApplication in 19.252 seconds (process running for 20.216)
2026-07-31T23:26:53.457+05:30  INFO 22832 --- [0.1-8080-exec-1] o.a.c.c.C.[Tomcat].[localhost].[/]       : Initializing Spring DispatcherServlet 'dispatcherServlet'
2026-07-31T23:26:53.457+05:30  INFO 22832 --- [0.1-8080-exec-1] o.s.web.servlet.DispatcherServlet        : Initializing Servlet 'dispatcherServlet'
2026-07-31T23:26:53.460+05:30  INFO 22832 --- [0.1-8080-exec-1] o.s.web.servlet.DispatcherServlet        : Completed initialization in 3 ms
2026-07-31T23:27:16.605+05:30  WARN 22832 --- [0.1-8080-exec-5] .w.s.m.a.ResponseStatusExceptionResolver : Resolved [org.springframework.web.server.ResponseStatusException: 404 NOT_FOUND]
2026-07-31T23:27:17.211+05:30  WARN 22832 --- [0.1-8080-exec-2] .m.m.a.ExceptionHandlerExceptionResolver : Resolved [org.acme.wrapper.exception.WorkflowEngineException: Instance '00000000-0000-0000-0000-000000000000' was not found.]
2026-07-31T23:27:17.509+05:30  WARN 22832 --- [0.1-8080-exec-9] .m.m.a.ExceptionHandlerExceptionResolver : Resolved [org.acme.wrapper.exception.UnauthorizedException: A valid JWT is required (Authorization: Bearer <token>).]
2026-07-31T23:38:22.079+05:30  INFO 22832 --- [0.1-8080-exec-4] o.springdoc.api.AbstractOpenApiResource  : Init duration for springdoc-openapi is: 1041 ms
